// Jest Snapshot v1, https://goo.gl/fbAQLP

exports[`Should shot the snapshot with all properties 1`] = `
<div
  className="dateSelectorComponent"
  data-testid="dateSelectorComponent"
>
  <div
    className="flex-space-between"
  >
    <label
      className="label "
      data-testid="label-component"
      htmlFor="dateSelector"
    >
      date selector*
       
    </label>
    
  </div>
  <div
    className="dateSelectorContent "
  >
    <div
      className="dateContainer"
    >
      <div
        className="dateContent flex-row flex-middle radius-default"
      >
        <span
          className="inputContent flex-column flex-1"
        >
          <input
            className=""
            data-testid="input-year"
            id="year"
            onChange={[Function]}
            onClick={[Function]}
            placeholder="YYYY"
            value=""
          />
        </span>
        <span
          className="iconContent p-r flex-column"
        >
          <i
            className="icon-arrow arrow down"
          />
        </span>
      </div>
    </div>
    <div
      className="dateContainer"
    >
      <div
        className="dateContent flex-row flex-middle radius-default"
      >
        <span
          className="inputContent flex-column flex-1"
        >
          <input
            className=""
            data-testid="input-month"
            disabled={true}
            id="month"
            onChange={[Function]}
            onClick={[Function]}
            placeholder="MM"
            value=""
          />
        </span>
        <span
          className="iconContent p-r flex-column"
        >
          <i
            className="icon-arrow arrow down"
          />
        </span>
      </div>
    </div>
    <div
      className="dateContainer"
    >
      <div
        className="dateContent flex-row flex-middle radius-default"
      >
        <span
          className="inputContent flex-column flex-1"
        >
          <input
            className=""
            data-testid="input-day"
            disabled={true}
            id="day"
            onChange={[Function]}
            onClick={[Function]}
            placeholder="DD"
            value=""
          />
        </span>
        <span
          className="iconContent p-r flex-column"
        >
          <i
            className="icon-arrow arrow down"
          />
        </span>
      </div>
    </div>
  </div>
  
</div>
`;
