// Jest Snapshot v1, https://goo.gl/fbAQLP

exports[`InputComponent test Should take the snapshot with require props 1`] = `
<div
  className="input-component input flex-column "
  id="input-component"
>
  <label
    htmlFor="input"
  >
    <label
      className="label "
      htmlFor="input"
    >
      Label*
    </label>
  </label>
  <label
    className="label "
    htmlFor="input"
  >
    Label*
  </label>
  <input
    autoComplete="off"
    className=""
    data-testid="input-component"
    disabled={false}
    id="input"
    name="input"
    onChange={[Function]}
    placeholder="placeholder"
    spellCheck={false}
    type="text"
    value="value"
  />
  
  
</div>
`;
