// Jest Snapshot v1, https://goo.gl/fbAQLP

exports[`Button test Should take snapshot of button component with all require properties 1`] = `
<a
  className="button-component flex-row flex-no-wrap flex-middle 
             type-danger border-button "
  onClick={null}
>
  <span
    className="flex-column"
  >
    Boton de prueba
  </span>
</a>
`;
